#SHAPE=<11>
219382.612737 271.807941 95.509230 50.844488 196.492853 2.732751 0.000000 0.000000 0.000000 0.000000 0.000000
