INFO  [init] Streaming through shuffled SAF file from path:
	A.saf.shuf
DEBUG [init] Using 500 full blocks of size 440
DEBUG [init] Using window size of 100 blocks per window
DEBUG [init] Creating uniform initial SFS
DEBUG [stop] Stopping rule set to log-likelihood tolerance 0.0001 (default)
INFO  [windowem] Finished epoch 1
DEBUG [windowem] Current SFS: 219283.903533 309.207364 96.902710 56.366842 71.534048 42.754686 60.816299 16.272697 3.020779 43.029856 16.191186
DEBUG [stop] Current log-likelihood -4.3459e1, Δ=inf > 1.0000e-4
INFO  [windowem] Finished epoch 2
DEBUG [windowem] Current SFS: 219330.918856 241.439473 122.406773 51.239014 77.015168 29.391833 70.051195 18.177946 0.931851 33.379707 25.048185
DEBUG [stop] Current log-likelihood -3.9531e1, Δ=3.9281e0 > 1.0000e-4
INFO  [windowem] Finished epoch 3
DEBUG [windowem] Current SFS: 219333.796741 235.469005 128.279935 45.301395 84.151259 22.081980 73.750326 18.126842 0.312487 33.693062 25.036967
DEBUG [stop] Current log-likelihood -3.9525e1, Δ=5.7521e-3 > 1.0000e-4
INFO  [windowem] Finished epoch 4
DEBUG [windowem] Current SFS: 219334.151862 234.364059 130.400765 41.472266 89.496179 17.096688 76.297543 17.755622 0.107208 33.829290 25.028518
DEBUG [stop] Current log-likelihood -3.9524e1, Δ=1.2716e-3 > 1.0000e-4
INFO  [windowem] Finished epoch 5
DEBUG [windowem] Current SFS: 219334.219918 233.961684 131.553458 38.987961 93.209258 13.514198 78.276162 17.320065 0.037360 33.895520 25.024416
DEBUG [stop] Current log-likelihood -3.9523e1, Δ=6.4401e-4 > 1.0000e-4
INFO  [windowem] Finished epoch 6
DEBUG [windowem] Current SFS: 219334.243495 233.741134 132.275626 37.320770 95.829711 10.868274 79.850618 16.899256 0.013185 33.936116 25.021814
DEBUG [stop] Current log-likelihood -3.9523e1, Δ=3.9635e-4 > 1.0000e-4
INFO  [windowem] Finished epoch 7
DEBUG [windowem] Current SFS: 219334.255419 233.602464 132.752339 36.165024 97.731373 8.866934 81.109762 16.526842 0.004706 33.965283 25.019854
DEBUG [stop] Current log-likelihood -3.9522e1, Δ=2.6635e-4 > 1.0000e-4
INFO  [windowem] Finished epoch 8
DEBUG [windowem] Current SFS: 219334.262311 233.510871 133.077102 35.339651 99.149466 7.321339 82.120004 16.211431 0.001697 33.987847 25.018282
DEBUG [stop] Current log-likelihood -3.9522e1, Δ=1.8904e-4 > 1.0000e-4
INFO  [windowem] Finished epoch 9
DEBUG [windowem] Current SFS: 219334.266457 233.448568 133.304389 34.733873 100.232920 6.106125 82.934394 15.949838 0.000617 34.005817 25.017004
DEBUG [stop] Current log-likelihood -3.9522e1, Δ=1.3950e-4 > 1.0000e-4
INFO  [windowem] Finished epoch 10
DEBUG [windowem] Current SFS: 219334.268982 233.405104 133.467581 34.278028 101.078327 5.135806 83.594999 15.734685 0.000226 34.020301 25.015961
DEBUG [stop] Current log-likelihood -3.9522e1, Δ=1.0603e-4 > 1.0000e-4
INFO  [windowem] Finished epoch 11
DEBUG [windowem] Current SFS: 219334.270524 233.374037 133.587667 33.927225 101.750018 4.350636 84.134674 15.557971 0.000083 34.032056 25.015110
DEBUG [stop] Current log-likelihood -3.9522e1, Δ=8.2485e-5 ≤ 1.0000e-4
