DEBUG [init] Reading SFS from path:
	tests/data/A-B-C.npy
