#SHAPE=<81>
15090.083475 1674.478749 765.544694 835.617180 132.945165 205.339021 693.885061 259.479177 76.062377 120.527404 286.521489 253.861613 119.477037 85.192617 130.681226 243.430049 263.681889 137.721351 54.085817 30.422968 34.340137 66.966284 145.371938 230.355062 214.671119 123.462258 58.326928 32.441272 26.683697 33.942909 58.008528 99.516433 125.287268 97.157842 49.458465 22.189676 13.124514 13.944390 27.347723 71.981139 148.142112 145.916682 58.668791 13.221212 3.431325 2.462463 7.397809 43.063272 143.490679 125.466331 30.729214 5.145710 1.923383 3.241463 18.550442 113.098012 191.130677 46.236380 2.849447 0.234288 0.148492 1.162983 25.148672 127.044769 43.344059 3.791461 1.390720 8.632101 119.193360 50.487506 0.088563 0.000064 0.000099 1.269871 161.016482 0.000017 0.000000 0.000000 57.117353 0.000000 292.147798
