INFO  [init] Streaming through shuffled SAF file from path:
	test_2d_stream_estimate_3_epochs.saf.shuf
DEBUG [init] Using 500 blocks, all containing 440 sites
DEBUG [init] Using window size of 100 blocks per window
DEBUG [init] Creating uniform initial SFS
DEBUG [stop] Stopping rule set to 3 epochs
INFO  [windowem] Finished epoch 1
DEBUG [windowem] Current SFS: 218822.102576 259.172701 82.988177 29.947272 21.195522 17.042114 6.494338 3.679965 12.374416 6.472326 16.696615 0.069504 0.109648 292.036452 3.890544 0.273304 0.147319 0.657380 0.629234 0.216843 0.889205 3.806096 1.165018 0.068185 0.000006 0.000001 82.379403 1.769076 0.122699 0.048570 0.108320 0.049457 0.062525 2.872666 16.799658 0.385959 0.006381 0.000000 0.000000 34.043937 0.917622 0.811035 0.220058 0.139328 0.720545 1.485350 11.311388 5.975516 0.052014 0.008736 0.000042 0.000000 44.448315 0.554649 6.504523 5.421528 1.687856 1.384416 0.608133 3.564584 4.610750 2.224334 0.836435 3.186604 0.004601 28.092858 0.047447 0.652305 1.837781 1.232534 0.096322 0.010443 0.103776 1.615459 0.499328 0.121558 4.920049 0.273552 12.205713 0.020871 1.334538 6.682058 2.159258 0.039558 0.002111 0.068066 13.274518 3.322833 1.394810 2.842755 7.066155 12.869272 0.013830 2.350295 8.101396 2.369044 0.080229 0.008995 0.038188 0.171534 0.012997 0.027056 0.034876 5.718422 0.187854 0.000095 0.002397 1.904906 2.486862 0.443501 0.065145 0.054443 0.000538 0.000001 0.000090 0.000052 2.555509 0.000030 0.000000 0.000175 2.650359 4.021609 10.117204 2.902355 0.018485 0.000520 0.000060 0.004581 0.001772 8.669026 0.000000 0.000000 0.000000 0.000000 0.000000 0.000000 0.000000 0.000000 0.000000 0.000088 0.122980 0.003620 24.621185
DEBUG [stop] Current epoch 1/3
INFO  [windowem] Finished epoch 2
DEBUG [windowem] Current SFS: 218909.331451 194.590235 104.576732 29.633941 18.187304 17.411688 6.339453 3.571172 17.472141 0.610365 15.354067 3.593664 0.000893 233.042359 4.441226 0.075759 0.044186 1.101758 0.988191 0.119453 0.454311 2.015913 0.286587 0.025981 0.000001 0.000000 103.984332 1.606156 0.048907 0.016439 0.200752 0.038659 0.026222 2.725641 22.618805 0.114978 0.002769 0.000000 0.000000 30.083528 0.743654 0.623949 0.090462 0.030866 0.279392 0.730965 13.714731 2.302628 0.002332 0.000230 0.000000 0.000000 45.646868 0.167189 5.541001 7.934092 0.753161 0.928110 0.408266 5.387126 2.486516 0.514069 0.168714 3.955129 0.003423 27.688973 0.001938 0.074977 1.248153 0.540666 0.010678 0.000417 0.005523 0.394442 0.359330 0.093727 2.408086 0.364880 7.642921 0.000700 0.468740 12.477401 3.842417 0.004771 0.000012 0.000689 3.723505 14.827721 5.499202 0.515061 8.092580 16.633559 0.000447 2.169793 6.422708 1.554695 0.003837 0.000019 0.000027 0.000916 0.000226 0.000363 0.000040 5.656222 0.125713 0.000000 0.000002 0.213721 0.805628 0.065744 0.001598 0.000482 0.000000 0.000000 0.000000 0.000000 0.458194 0.000003 0.000000 0.000000 3.396796 4.355101 14.437057 0.675775 0.002685 0.000010 0.000004 0.000758 0.000004 11.132267 0.000000 0.000000 0.000000 0.000000 0.000000 0.000000 0.000000 0.000000 0.000000 0.000002 0.130699 0.000003 24.318501
DEBUG [stop] Current epoch 2/3
INFO  [windowem] Finished epoch 3
DEBUG [windowem] Current SFS: 218915.200611 187.940401 108.813453 28.446998 17.564199 18.805448 5.655079 2.691813 20.595162 0.060189 5.097737 12.363096 0.000003 228.332627 5.044319 0.018060 0.011428 1.443398 1.200332 0.059861 0.262347 1.418050 0.098190 0.007363 0.000000 0.000000 108.362069 1.330017 0.020287 0.005710 0.319990 0.025059 0.008795 1.954949 24.619828 0.033098 0.001193 0.000000 0.000000 26.676774 0.766236 0.588633 0.041800 0.006510 0.092234 0.291055 13.353930 0.838733 0.000103 0.000005 0.000000 0.000000 47.231651 0.063492 4.760848 9.348627 0.294274 0.635249 0.304276 8.303568 1.647104 0.107613 0.028132 4.504529 0.002026 28.538932 0.000094 0.007382 0.514125 0.181502 0.001366 0.000027 0.000501 0.132993 0.176905 0.043346 1.406924 0.408430 4.961063 0.000024 0.148861 14.206239 5.480700 0.000695 0.000000 0.000012 1.047305 19.258280 4.517709 0.085765 8.171776 18.321334 0.000015 2.364026 5.138598 1.137335 0.000224 0.000000 0.000000 0.000008 0.000003 0.000001 0.000000 6.167854 0.070634 0.000000 0.000000 0.029215 0.333769 0.013297 0.000058 0.000006 0.000000 0.000000 0.000000 0.000000 0.098833 0.000000 0.000000 0.000000 3.620011 3.241235 16.461712 0.183701 0.000529 0.000000 0.000000 0.000127 0.000000 11.441165 0.000000 0.000000 0.000000 0.000000 0.000000 0.000000 0.000000 0.000000 0.000000 0.000000 0.130594 0.000000 24.256200
DEBUG [stop] Current epoch 3/3
