#SHAPE=<81>
14896.189271 1679.531596 772.582082 914.376495 155.735147 248.508602 721.537291 300.721886 100.929158 140.137730 269.834895 223.146724 115.048013 91.165434 135.504451 224.233980 234.893767 136.435361 59.537944 31.292697 28.050868 45.224678 101.603519 202.292788 229.220450 122.914108 39.136753 12.998019 8.215602 13.052929 40.718299 128.074988 200.451769 112.590369 28.975365 6.737384 2.997553 3.924740 13.387683 63.183341 180.287671 173.940541 56.140361 10.828468 2.986554 2.364747 6.115745 30.448904 117.728788 160.827367 62.991650 12.065496 3.108007 2.616104 8.463790 49.206417 142.468190 76.343468 8.132470 0.651008 0.251883 1.184358 22.254662 136.758938 52.766008 3.644242 0.989545 7.070416 138.569659 38.178667 0.013916 0.000003 0.000007 0.629419 171.664851 0.000031 0.000000 0.000000 77.460306 0.000000 385.753612
