#SHAPE=<11>
219333.381545 236.319614 95.756931 32.964512 125.599615 2.637237 73.017857 18.390546 0.003731 37.565393 44.363018
