#SHAPE=<11>
0.997194 0.001235 0.000434 0.000231 0.000893 0.000012 0.000000 0.000000 0.000000 0.000000 0.000000
