DEBUG [init] Reading SFS from path:
	tests/data/A-B.sfs
