#SHAPE=<11>
219267.845389 232.357478 128.674636 41.568596 140.564992 4.117245 78.973939 18.343065 0.000025 42.937185 44.617450
