#SHAPE=<11>
219338.725607 234.737776 95.505146 32.339889 124.751169 2.732751 71.741684 18.504599 0.004084 37.070165 43.887130
